mode: set
github.com/lijian-bj/se-take-home-assignment/internal/infrastructure/bootstrap/main.go:12.13,22.9 8 0
github.com/lijian-bj/se-take-home-assignment/internal/infrastructure/bootstrap/main.go:23.20,24.42 1 0
github.com/lijian-bj/se-take-home-assignment/internal/infrastructure/bootstrap/main.go:25.20,26.54 1 0
github.com/lijian-bj/se-take-home-assignment/internal/infrastructure/bootstrap/main.go:27.10,28.50 1 0
github.com/lijian-bj/se-take-home-assignment/internal/infrastructure/bootstrap/main.go:31.2,31.16 1 0
github.com/lijian-bj/se-take-home-assignment/internal/infrastructure/bootstrap/main.go:31.16,33.3 1 0
github.com/lijian-bj/se-take-home-assignment/internal/infrastructure/config/di.go:21.70,31.2 5 0
github.com/lijian-bj/se-take-home-assignment/internal/infrastructure/cli/file.go:5.46,7.2 1 0
github.com/lijian-bj/se-take-home-assignment/internal/infrastructure/cli/parser.go:21.42,23.14 2 1
github.com/lijian-bj/se-take-home-assignment/internal/infrastructure/cli/parser.go:24.21,25.24 1 1
github.com/lijian-bj/se-take-home-assignment/internal/infrastructure/cli/parser.go:26.18,27.21 1 1
github.com/lijian-bj/se-take-home-assignment/internal/infrastructure/cli/parser.go:28.24,29.24 1 1
github.com/lijian-bj/se-take-home-assignment/internal/infrastructure/cli/parser.go:30.27,31.27 1 1
github.com/lijian-bj/se-take-home-assignment/internal/infrastructure/cli/parser.go:32.21,33.24 1 1
github.com/lijian-bj/se-take-home-assignment/internal/infrastructure/cli/parser.go:34.19,35.22 1 1
github.com/lijian-bj/se-take-home-assignment/internal/infrastructure/cli/parser.go:36.10,37.39 1 1
github.com/lijian-bj/se-take-home-assignment/internal/infrastructure/cli/parser.go:37.39,39.4 1 1
github.com/lijian-bj/se-take-home-assignment/internal/infrastructure/cli/parser.go:40.3,40.52 1 1
github.com/lijian-bj/se-take-home-assignment/internal/infrastructure/cli/parser.go:44.60,47.2 2 1
github.com/lijian-bj/se-take-home-assignment/internal/infrastructure/cli/runner.go:12.59,14.16 2 1
github.com/lijian-bj/se-take-home-assignment/internal/infrastructure/cli/runner.go:14.16,16.3 1 1
github.com/lijian-bj/se-take-home-assignment/internal/infrastructure/cli/runner.go:18.2,18.13 1 1
github.com/lijian-bj/se-take-home-assignment/internal/infrastructure/cli/runner.go:19.17,20.35 1 1
github.com/lijian-bj/se-take-home-assignment/internal/infrastructure/cli/runner.go:21.14,22.32 1 1
github.com/lijian-bj/se-take-home-assignment/internal/infrastructure/cli/runner.go:23.17,24.24 1 1
github.com/lijian-bj/se-take-home-assignment/internal/infrastructure/cli/runner.go:25.20,26.24 1 1
github.com/lijian-bj/se-take-home-assignment/internal/infrastructure/cli/runner.go:27.17,28.18 1 0
github.com/lijian-bj/se-take-home-assignment/internal/infrastructure/cli/runner.go:29.15,31.22 2 1
github.com/lijian-bj/se-take-home-assignment/internal/infrastructure/cli/runner.go:31.22,33.4 1 1
github.com/lijian-bj/se-take-home-assignment/internal/infrastructure/cli/runner.go:34.3,34.29 1 0
github.com/lijian-bj/se-take-home-assignment/internal/infrastructure/cli/runner.go:35.15,36.19 1 1
github.com/lijian-bj/se-take-home-assignment/internal/infrastructure/cli/runner.go:37.10,38.56 1 0
github.com/lijian-bj/se-take-home-assignment/internal/infrastructure/cli/runner.go:40.2,40.19 1 1
github.com/lijian-bj/se-take-home-assignment/internal/infrastructure/cli/runner.go:43.67,45.6 2 0
github.com/lijian-bj/se-take-home-assignment/internal/infrastructure/cli/runner.go:45.6,47.22 2 0
github.com/lijian-bj/se-take-home-assignment/internal/infrastructure/cli/runner.go:47.22,49.4 1 0
github.com/lijian-bj/se-take-home-assignment/internal/infrastructure/cli/runner.go:50.3,51.17 2 0
github.com/lijian-bj/se-take-home-assignment/internal/infrastructure/cli/runner.go:51.17,53.12 2 0
github.com/lijian-bj/se-take-home-assignment/internal/infrastructure/cli/runner.go:55.3,55.11 1 0
github.com/lijian-bj/se-take-home-assignment/internal/infrastructure/cli/runner.go:55.11,57.4 1 0
github.com/lijian-bj/se-take-home-assignment/internal/infrastructure/cli/runner.go:61.52,63.16 2 0
github.com/lijian-bj/se-take-home-assignment/internal/infrastructure/cli/runner.go:63.16,65.3 1 0
github.com/lijian-bj/se-take-home-assignment/internal/infrastructure/cli/runner.go:66.2,67.43 2 0
github.com/lijian-bj/se-take-home-assignment/internal/infrastructure/cli/runner.go:70.59,72.2 1 1
github.com/lijian-bj/se-take-home-assignment/internal/infrastructure/cli/runner.go:74.63,75.21 1 1
github.com/lijian-bj/se-take-home-assignment/internal/infrastructure/cli/runner.go:75.21,77.49 2 1
github.com/lijian-bj/se-take-home-assignment/internal/infrastructure/cli/runner.go:77.49,78.12 1 1
github.com/lijian-bj/se-take-home-assignment/internal/infrastructure/cli/runner.go:80.3,81.17 2 1
github.com/lijian-bj/se-take-home-assignment/internal/infrastructure/cli/runner.go:81.17,83.4 1 1
github.com/lijian-bj/se-take-home-assignment/internal/infrastructure/cli/runner.go:84.3,84.11 1 1
github.com/lijian-bj/se-take-home-assignment/internal/infrastructure/cli/runner.go:84.11,85.9 1 1
github.com/lijian-bj/se-take-home-assignment/internal/infrastructure/cli/runner.go:88.2,88.22 1 1
github.com/lijian-bj/se-take-home-assignment/internal/infrastructure/logging/event_logger.go:18.50,20.2 1 1
github.com/lijian-bj/se-take-home-assignment/internal/infrastructure/logging/event_logger.go:22.44,24.2 1 0
github.com/lijian-bj/se-take-home-assignment/internal/infrastructure/logging/event_logger.go:26.57,29.2 2 1
github.com/lijian-bj/se-take-home-assignment/internal/infrastructure/logging/event_logger.go:31.39,33.2 1 1
github.com/lijian-bj/se-take-home-assignment/internal/infrastructure/logging/event_logger.go:35.103,37.2 1 1
github.com/lijian-bj/se-take-home-assignment/internal/infrastructure/logging/event_logger.go:39.42,41.2 1 1
github.com/lijian-bj/se-take-home-assignment/internal/infrastructure/logging/event_logger.go:43.90,45.2 1 1
github.com/lijian-bj/se-take-home-assignment/internal/infrastructure/logging/event_logger.go:47.92,49.2 1 1
github.com/lijian-bj/se-take-home-assignment/internal/infrastructure/logging/event_logger.go:51.42,53.2 1 1
github.com/lijian-bj/se-take-home-assignment/internal/infrastructure/logging/event_logger.go:55.133,57.2 1 1
github.com/lijian-bj/se-take-home-assignment/internal/infrastructure/logging/event_logger.go:59.45,61.2 1 1
github.com/lijian-bj/se-take-home-assignment/internal/infrastructure/logging/event_logger.go:63.69,65.2 1 1
github.com/lijian-bj/se-take-home-assignment/internal/infrastructure/logging/event_logger.go:67.40,69.2 1 1
github.com/lijian-bj/se-take-home-assignment/internal/infrastructure/logging/event_logger.go:71.59,73.19 2 1
github.com/lijian-bj/se-take-home-assignment/internal/infrastructure/logging/event_logger.go:73.19,75.3 1 1
github.com/lijian-bj/se-take-home-assignment/internal/infrastructure/logging/event_logger.go:76.2,77.25 2 1
github.com/lijian-bj/se-take-home-assignment/internal/infrastructure/logging/event_logger.go:77.25,79.3 1 1
github.com/lijian-bj/se-take-home-assignment/internal/infrastructure/logging/event_logger.go:80.2,80.45 1 1
github.com/lijian-bj/se-take-home-assignment/internal/infrastructure/logging/event_logger.go:83.35,84.19 1 1
github.com/lijian-bj/se-take-home-assignment/internal/infrastructure/logging/event_logger.go:84.19,86.3 1 1
github.com/lijian-bj/se-take-home-assignment/internal/infrastructure/logging/event_logger.go:87.2,88.25 2 1
github.com/lijian-bj/se-take-home-assignment/internal/infrastructure/logging/event_logger.go:88.25,90.3 1 1
github.com/lijian-bj/se-take-home-assignment/internal/infrastructure/logging/event_logger.go:91.2,91.45 1 1
github.com/lijian-bj/se-take-home-assignment/internal/infrastructure/logging/event_logger.go:94.53,96.27 2 1
github.com/lijian-bj/se-take-home-assignment/internal/infrastructure/logging/event_logger.go:96.27,98.3 1 1
github.com/lijian-bj/se-take-home-assignment/internal/infrastructure/logging/event_logger.go:99.2,99.12 1 1
github.com/lijian-bj/se-take-home-assignment/internal/infrastructure/logging/event_logger.go:102.52,103.20 1 1
github.com/lijian-bj/se-take-home-assignment/internal/infrastructure/logging/event_logger.go:103.20,105.3 1 1
github.com/lijian-bj/se-take-home-assignment/internal/infrastructure/logging/event_logger.go:106.2,107.25 2 1
github.com/lijian-bj/se-take-home-assignment/internal/infrastructure/logging/event_logger.go:107.25,108.77 1 1
github.com/lijian-bj/se-take-home-assignment/internal/infrastructure/logging/event_logger.go:108.77,110.4 1 0
github.com/lijian-bj/se-take-home-assignment/internal/infrastructure/logging/event_logger.go:110.9,112.4 1 1
github.com/lijian-bj/se-take-home-assignment/internal/infrastructure/logging/event_logger.go:114.2,114.33 1 1
github.com/lijian-bj/se-take-home-assignment/internal/infrastructure/clock/mock.go:19.40,19.57 1 1
github.com/lijian-bj/se-take-home-assignment/internal/infrastructure/clock/mock.go:20.40,20.86 1 1
github.com/lijian-bj/se-take-home-assignment/internal/infrastructure/clock/mock.go:21.35,25.2 3 1
github.com/lijian-bj/se-take-home-assignment/internal/infrastructure/clock/mock.go:26.33,30.2 3 1
github.com/lijian-bj/se-take-home-assignment/internal/infrastructure/clock/mock.go:31.31,39.2 7 1
github.com/lijian-bj/se-take-home-assignment/internal/infrastructure/clock/mock.go:46.39,49.23 3 1
github.com/lijian-bj/se-take-home-assignment/internal/infrastructure/clock/mock.go:49.23,51.3 1 0
github.com/lijian-bj/se-take-home-assignment/internal/infrastructure/clock/mock.go:52.2,54.13 3 1
github.com/lijian-bj/se-take-home-assignment/internal/infrastructure/clock/mock.go:63.37,65.2 1 1
github.com/lijian-bj/se-take-home-assignment/internal/infrastructure/clock/mock.go:67.32,71.2 3 1
github.com/lijian-bj/se-take-home-assignment/internal/infrastructure/clock/mock.go:73.70,79.2 5 1
github.com/lijian-bj/se-take-home-assignment/internal/infrastructure/clock/mock.go:81.41,85.63 4 1
github.com/lijian-bj/se-take-home-assignment/internal/infrastructure/clock/mock.go:85.63,89.3 3 1
github.com/lijian-bj/se-take-home-assignment/internal/infrastructure/clock/mock.go:90.2,91.27 2 1
github.com/lijian-bj/se-take-home-assignment/internal/infrastructure/clock/mock.go:91.27,93.3 1 1
github.com/lijian-bj/se-take-home-assignment/internal/infrastructure/clock/real.go:11.29,13.2 1 0
github.com/lijian-bj/se-take-home-assignment/internal/infrastructure/clock/real.go:15.67,17.2 1 0
github.com/lijian-bj/se-take-home-assignment/internal/application/ordercontroller/service.go:23.94,31.2 1 1
github.com/lijian-bj/se-take-home-assignment/internal/application/ordercontroller/service.go:33.27,36.16 3 1
github.com/lijian-bj/se-take-home-assignment/internal/application/ordercontroller/service.go:36.16,39.3 2 1
github.com/lijian-bj/se-take-home-assignment/internal/application/ordercontroller/service.go:42.61,50.2 6 1
github.com/lijian-bj/se-take-home-assignment/internal/application/ordercontroller/service.go:52.58,60.2 6 1
github.com/lijian-bj/se-take-home-assignment/internal/application/ordercontroller/service.go:62.48,70.2 6 1
github.com/lijian-bj/se-take-home-assignment/internal/application/ordercontroller/service.go:72.37,77.16 4 1
github.com/lijian-bj/se-take-home-assignment/internal/application/ordercontroller/service.go:77.16,80.3 2 1
github.com/lijian-bj/se-take-home-assignment/internal/application/ordercontroller/service.go:82.2,82.46 1 1
github.com/lijian-bj/se-take-home-assignment/internal/application/ordercontroller/service.go:82.46,85.3 2 1
github.com/lijian-bj/se-take-home-assignment/internal/application/ordercontroller/service.go:87.2,87.32 1 1
github.com/lijian-bj/se-take-home-assignment/internal/application/ordercontroller/service.go:87.32,89.3 1 1
github.com/lijian-bj/se-take-home-assignment/internal/application/ordercontroller/service.go:91.2,92.12 2 1
github.com/lijian-bj/se-take-home-assignment/internal/application/ordercontroller/service.go:95.31,99.2 3 0
github.com/lijian-bj/se-take-home-assignment/internal/application/ordercontroller/service.go:101.44,105.2 3 1
github.com/lijian-bj/se-take-home-assignment/internal/application/ordercontroller/service.go:107.30,110.34 3 1
github.com/lijian-bj/se-take-home-assignment/internal/application/ordercontroller/service.go:110.34,113.3 2 1
github.com/lijian-bj/se-take-home-assignment/internal/application/ordercontroller/service.go:116.62,118.6 2 1
github.com/lijian-bj/se-take-home-assignment/internal/application/ordercontroller/service.go:118.6,122.11 4 1
github.com/lijian-bj/se-take-home-assignment/internal/application/ordercontroller/service.go:122.11,124.4 1 1
github.com/lijian-bj/se-take-home-assignment/internal/application/ordercontroller/service.go:125.3,125.36 1 1
github.com/lijian-bj/se-take-home-assignment/internal/application/ordercontroller/service.go:125.36,127.4 1 1
github.com/lijian-bj/se-take-home-assignment/internal/application/ordercontroller/service.go:128.3,128.72 1 1
github.com/lijian-bj/se-take-home-assignment/internal/application/ordercontroller/service.go:128.72,130.4 1 1
github.com/lijian-bj/se-take-home-assignment/internal/application/ordercontroller/service.go:130.9,132.4 1 0
github.com/lijian-bj/se-take-home-assignment/internal/application/ordercontroller/service.go:136.36,137.46 1 1
github.com/lijian-bj/se-take-home-assignment/internal/application/ordercontroller/service.go:137.46,139.3 1 1
github.com/lijian-bj/se-take-home-assignment/internal/application/ordercontroller/service.go:142.42,144.9 2 1
github.com/lijian-bj/se-take-home-assignment/internal/application/ordercontroller/service.go:144.9,146.3 1 1
github.com/lijian-bj/se-take-home-assignment/internal/application/ordercontroller/service.go:148.2,150.56 3 1
github.com/lijian-bj/se-take-home-assignment/internal/application/ordercontroller/service.go:150.56,152.3 1 1
github.com/lijian-bj/se-take-home-assignment/internal/application/ordercontroller/service.go:155.51,162.9 5 1
github.com/lijian-bj/se-take-home-assignment/internal/application/ordercontroller/service.go:162.9,164.3 1 0
github.com/lijian-bj/se-take-home-assignment/internal/application/ordercontroller/service.go:166.2,168.56 2 1
github.com/lijian-bj/se-take-home-assignment/internal/application/ordercontroller/service.go:168.56,172.57 4 1
github.com/lijian-bj/se-take-home-assignment/internal/application/ordercontroller/service.go:172.57,174.4 1 1
github.com/lijian-bj/se-take-home-assignment/internal/application/ordercontroller/service.go:175.3,175.9 1 1
github.com/lijian-bj/se-take-home-assignment/internal/application/ordercontroller/service.go:178.2,178.33 1 1
github.com/lijian-bj/se-take-home-assignment/internal/domain/ordercontroller/aggregate.go:41.44,43.2 1 1
github.com/lijian-bj/se-take-home-assignment/internal/domain/ordercontroller/aggregate.go:45.53,50.2 4 1
github.com/lijian-bj/se-take-home-assignment/internal/domain/ordercontroller/aggregate.go:52.50,57.2 4 1
github.com/lijian-bj/se-take-home-assignment/internal/domain/ordercontroller/aggregate.go:59.41,64.2 4 1
github.com/lijian-bj/se-take-home-assignment/internal/domain/ordercontroller/aggregate.go:66.66,67.23 1 1
github.com/lijian-bj/se-take-home-assignment/internal/domain/ordercontroller/aggregate.go:67.23,69.3 1 1
github.com/lijian-bj/se-take-home-assignment/internal/domain/ordercontroller/aggregate.go:71.2,75.24 4 1
github.com/lijian-bj/se-take-home-assignment/internal/domain/ordercontroller/aggregate.go:75.24,80.3 4 1
github.com/lijian-bj/se-take-home-assignment/internal/domain/ordercontroller/aggregate.go:82.2,83.20 2 1
github.com/lijian-bj/se-take-home-assignment/internal/domain/ordercontroller/aggregate.go:86.58,87.25 1 1
github.com/lijian-bj/se-take-home-assignment/internal/domain/ordercontroller/aggregate.go:87.25,88.26 1 1
github.com/lijian-bj/se-take-home-assignment/internal/domain/ordercontroller/aggregate.go:88.26,90.4 1 1
github.com/lijian-bj/se-take-home-assignment/internal/domain/ordercontroller/aggregate.go:92.2,92.17 1 0
github.com/lijian-bj/se-take-home-assignment/internal/domain/ordercontroller/aggregate.go:95.73,97.41 2 1
github.com/lijian-bj/se-take-home-assignment/internal/domain/ordercontroller/aggregate.go:97.41,99.3 1 1
github.com/lijian-bj/se-take-home-assignment/internal/domain/ordercontroller/aggregate.go:101.2,102.9 2 1
github.com/lijian-bj/se-take-home-assignment/internal/domain/ordercontroller/aggregate.go:102.9,104.3 1 1
github.com/lijian-bj/se-take-home-assignment/internal/domain/ordercontroller/aggregate.go:106.2,107.71 2 1
github.com/lijian-bj/se-take-home-assignment/internal/domain/ordercontroller/aggregate.go:110.72,112.39 2 1
github.com/lijian-bj/se-take-home-assignment/internal/domain/ordercontroller/aggregate.go:112.39,114.3 1 0
github.com/lijian-bj/se-take-home-assignment/internal/domain/ordercontroller/aggregate.go:116.2,121.26 5 1
github.com/lijian-bj/se-take-home-assignment/internal/domain/ordercontroller/aggregate.go:121.26,122.49 1 1
github.com/lijian-bj/se-take-home-assignment/internal/domain/ordercontroller/aggregate.go:122.49,125.4 2 1
github.com/lijian-bj/se-take-home-assignment/internal/domain/ordercontroller/aggregate.go:126.8,128.3 1 1
github.com/lijian-bj/se-take-home-assignment/internal/domain/ordercontroller/aggregate.go:130.2,130.21 1 1
github.com/lijian-bj/se-take-home-assignment/internal/domain/ordercontroller/aggregate.go:133.48,139.2 1 1
github.com/lijian-bj/se-take-home-assignment/internal/domain/ordercontroller/aggregate.go:141.51,143.2 1 1
github.com/lijian-bj/se-take-home-assignment/internal/domain/ordercontroller/aggregate.go:145.48,147.32 2 1
github.com/lijian-bj/se-take-home-assignment/internal/domain/ordercontroller/aggregate.go:147.32,149.3 1 1
github.com/lijian-bj/se-take-home-assignment/internal/domain/ordercontroller/aggregate.go:150.2,150.12 1 1
github.com/lijian-bj/se-take-home-assignment/internal/domain/ordercontroller/aggregate.go:153.47,154.26 1 1
github.com/lijian-bj/se-take-home-assignment/internal/domain/ordercontroller/aggregate.go:154.26,156.3 1 1
github.com/lijian-bj/se-take-home-assignment/internal/domain/ordercontroller/aggregate.go:157.2,157.28 1 1
github.com/lijian-bj/se-take-home-assignment/internal/domain/ordercontroller/aggregate.go:157.28,158.36 1 1
github.com/lijian-bj/se-take-home-assignment/internal/domain/ordercontroller/aggregate.go:158.36,160.4 1 1
github.com/lijian-bj/se-take-home-assignment/internal/domain/ordercontroller/aggregate.go:162.2,162.13 1 1
github.com/lijian-bj/se-take-home-assignment/internal/domain/ordercontroller/aggregate.go:165.49,166.25 1 1
github.com/lijian-bj/se-take-home-assignment/internal/domain/ordercontroller/aggregate.go:166.25,167.26 1 1
github.com/lijian-bj/se-take-home-assignment/internal/domain/ordercontroller/aggregate.go:167.26,169.4 1 1
github.com/lijian-bj/se-take-home-assignment/internal/domain/ordercontroller/aggregate.go:171.2,171.12 1 0
github.com/lijian-bj/se-take-home-assignment/internal/domain/ordercontroller/bot.go:18.25,20.2 1 1
github.com/lijian-bj/se-take-home-assignment/internal/domain/ordercontroller/bot.go:22.29,24.2 1 1
github.com/lijian-bj/se-take-home-assignment/internal/domain/ordercontroller/bot.go:26.35,28.2 1 1
github.com/lijian-bj/se-take-home-assignment/internal/domain/ordercontroller/bot.go:30.37,32.2 1 1
github.com/lijian-bj/se-take-home-assignment/internal/domain/ordercontroller/bot.go:34.61,38.2 3 1
github.com/lijian-bj/se-take-home-assignment/internal/domain/ordercontroller/bot.go:40.33,43.2 2 1
github.com/lijian-bj/se-take-home-assignment/internal/domain/ordercontroller/bot.go:45.25,48.2 2 1
github.com/lijian-bj/se-take-home-assignment/internal/domain/ordercontroller/order.go:16.42,18.2 1 1
github.com/lijian-bj/se-take-home-assignment/internal/domain/ordercontroller/pending_queue.go:9.33,11.2 1 1
github.com/lijian-bj/se-take-home-assignment/internal/domain/ordercontroller/pending_queue.go:13.41,18.2 4 1
github.com/lijian-bj/se-take-home-assignment/internal/domain/ordercontroller/pending_queue.go:20.48,22.28 2 1
github.com/lijian-bj/se-take-home-assignment/internal/domain/ordercontroller/pending_queue.go:22.28,23.29 1 1
github.com/lijian-bj/se-take-home-assignment/internal/domain/ordercontroller/pending_queue.go:23.29,25.4 1 1
github.com/lijian-bj/se-take-home-assignment/internal/domain/ordercontroller/pending_queue.go:25.9,27.4 1 1
github.com/lijian-bj/se-take-home-assignment/internal/domain/ordercontroller/pending_queue.go:29.2,29.10 1 1
github.com/lijian-bj/se-take-home-assignment/internal/domain/ordercontroller/pending_queue.go:32.51,34.2 1 1
github.com/lijian-bj/se-take-home-assignment/internal/domain/ordercontroller/pending_queue.go:36.48,38.2 1 1
github.com/lijian-bj/se-take-home-assignment/internal/domain/ordercontroller/pending_queue.go:40.57,41.20 1 1
github.com/lijian-bj/se-take-home-assignment/internal/domain/ordercontroller/pending_queue.go:41.20,45.3 3 1
github.com/lijian-bj/se-take-home-assignment/internal/domain/ordercontroller/pending_queue.go:46.2,46.23 1 1
github.com/lijian-bj/se-take-home-assignment/internal/domain/ordercontroller/pending_queue.go:46.23,51.3 4 1
github.com/lijian-bj/se-take-home-assignment/internal/domain/ordercontroller/pending_queue.go:52.2,52.26 1 1
github.com/lijian-bj/se-take-home-assignment/internal/domain/ordercontroller/pending_queue.go:55.65,57.21 2 1
github.com/lijian-bj/se-take-home-assignment/internal/domain/ordercontroller/pending_queue.go:57.21,59.3 1 1
github.com/lijian-bj/se-take-home-assignment/internal/domain/ordercontroller/pending_queue.go:60.2,60.32 1 1
github.com/lijian-bj/se-take-home-assignment/internal/domain/ordercontroller/pending_queue.go:60.32,62.3 1 1
github.com/lijian-bj/se-take-home-assignment/internal/domain/ordercontroller/pending_queue.go:63.2,64.27 2 1
github.com/lijian-bj/se-take-home-assignment/internal/domain/ordercontroller/pending_queue.go:67.40,70.25 3 1
github.com/lijian-bj/se-take-home-assignment/internal/domain/ordercontroller/pending_queue.go:70.25,72.3 1 1
github.com/lijian-bj/se-take-home-assignment/internal/domain/ordercontroller/pending_queue.go:73.2,73.12 1 1
